loadcore_IMPORTS_start
I_RegisterLibraryEntries
I_QueryBootMode
loadcore_IMPORTS_end

thbase_IMPORTS_start
I_DelayThread
I_SetAlarm
I_CancelAlarm
I_USec2SysClock
I_GetSystemTime
I_SysClock2USec
thbase_IMPORTS_end

thevent_IMPORTS_start
I_CreateEventFlag
I_iSetEventFlag
I_ClearEventFlag
I_WaitEventFlag
thevent_IMPORTS_end

stdio_IMPORTS_start
I_printf
stdio_IMPORTS_end

sysclib_IMPORTS_start
I_memcpy
I_memset
I_strcmp
I_strrchr
I_strlen
sysclib_IMPORTS_end

bdm_IMPORTS_start
I_bdm_connect_bd
I_bdm_set_ata_only
I_bdm_is_fatfs_ready
bdm_IMPORTS_end

dmacman_IMPORTS_start
I_dmac_get_dpcr2
I_dmac_set_dpcr2
dmacman_IMPORTS_end

intrman_IMPORTS_start
I_RegisterIntrHandler
I_EnableIntr
I_DisableIntr
I_CpuSuspendIntr
I_CpuResumeIntr
intrman_IMPORTS_end

/* DEV9注册与mass探测均走rom0:ioman */
ioman_IMPORTS_start
I_AddDrv
I_DelDrv
I_dopen
I_dclose
ioman_IMPORTS_end

thsemap_IMPORTS_start
I_CreateSema
I_SignalSema
I_WaitSema
thsemap_IMPORTS_end

